============================= test session starts =============================
platform win32 -- Python 3.14.4, pytest-8.3.4, pluggy-1.6.0 -- C:\Users\maksi\AppData\Local\Programs\Python\Python314\python.exe
cachedir: .pytest_cache
hypothesis profile 'default'
rootdir: M:\GitHub\TestLearn
configfile: pytest.ini
plugins: anyio-4.12.1, dash-4.0.0, hydra-core-1.3.2, hypothesis-6.151.12, langsmith-0.7.14, asyncio-1.3.0, base-url-2.1.0, cov-7.0.0, dotenv-0.5.2, flask-1.3.0, httpx-0.36.0, mock-3.15.1, playwright-0.7.2, respx-0.22.0
asyncio: mode=Mode.AUTO, debug=False, asyncio_default_fixture_loop_scope=function, asyncio_default_test_loop_scope=function
collecting ... collected 1 item

tests/test_middleware.py::test_csrf_middleware_missing_token FAILED

================================== FAILURES ===================================
_____________________ test_csrf_middleware_missing_token ______________________
  + Exception Group Traceback (most recent call last):
  |   File "C:\Users\maksi\AppData\Local\Programs\Python\Python314\Lib\site-packages\starlette\_utils.py", line 79, in collapse_excgroups
  |     yield
  |   File "C:\Users\maksi\AppData\Local\Programs\Python\Python314\Lib\site-packages\starlette\middleware\base.py", line 183, in __call__
  |     async with anyio.create_task_group() as task_group:
  |                ~~~~~~~~~~~~~~~~~~~~~~~^^
  |   File "C:\Users\maksi\AppData\Local\Programs\Python\Python314\Lib\site-packages\anyio\_backends\_asyncio.py", line 783, in __aexit__
  |     raise BaseExceptionGroup(
  |         "unhandled errors in a TaskGroup", self._exceptions
  |     ) from None
  | ExceptionGroup: unhandled errors in a TaskGroup (1 sub-exception)
  +-+---------------- 1 ----------------
    | Traceback (most recent call last):
    |   File "C:\Users\maksi\AppData\Local\Programs\Python\Python314\Lib\site-packages\_pytest\runner.py", line 341, in from_call
    |     result: TResult | None = func()
    |                              ~~~~^^
    |   File "C:\Users\maksi\AppData\Local\Programs\Python\Python314\Lib\site-packages\_pytest\runner.py", line 242, in <lambda>
    |     lambda: runtest_hook(item=item, **kwds), when=when, reraise=reraise
    |             ~~~~~~~~~~~~^^^^^^^^^^^^^^^^^^^
    |   File "C:\Users\maksi\AppData\Local\Programs\Python\Python314\Lib\site-packages\pluggy\_hooks.py", line 512, in __call__
    |     return self._hookexec(self.name, self._hookimpls.copy(), kwargs, firstresult)
    |            ~~~~~~~~~~~~~~^^^^^^^^^^^^^^^^^^^^^^^^^^^^^^^^^^^^^^^^^^^^^^^^^^^^^^^^
    |   File "C:\Users\maksi\AppData\Local\Programs\Python\Python314\Lib\site-packages\pluggy\_manager.py", line 120, in _hookexec
    |     return self._inner_hookexec(hook_name, methods, kwargs, firstresult)
    |            ~~~~~~~~~~~~~~~~~~~~^^^^^^^^^^^^^^^^^^^^^^^^^^^^^^^^^^^^^^^^^
    |   File "C:\Users\maksi\AppData\Local\Programs\Python\Python314\Lib\site-packages\pluggy\_callers.py", line 167, in _multicall
    |     raise exception
    |   File "C:\Users\maksi\AppData\Local\Programs\Python\Python314\Lib\site-packages\pluggy\_callers.py", line 139, in _multicall
    |     teardown.throw(exception)
    |     ~~~~~~~~~~~~~~^^^^^^^^^^^
    |   File "C:\Users\maksi\AppData\Local\Programs\Python\Python314\Lib\site-packages\_pytest\threadexception.py", line 92, in pytest_runtest_call
    |     yield from thread_exception_runtest_hook()
    |   File "C:\Users\maksi\AppData\Local\Programs\Python\Python314\Lib\site-packages\_pytest\threadexception.py", line 68, in thread_exception_runtest_hook
    |     yield
    |   File "C:\Users\maksi\AppData\Local\Programs\Python\Python314\Lib\site-packages\pluggy\_callers.py", line 139, in _multicall
    |     teardown.throw(exception)
    |     ~~~~~~~~~~~~~~^^^^^^^^^^^
    |   File "C:\Users\maksi\AppData\Local\Programs\Python\Python314\Lib\site-packages\_pytest\unraisableexception.py", line 95, in pytest_runtest_call
    |     yield from unraisable_exception_runtest_hook()
    |   File "C:\Users\maksi\AppData\Local\Programs\Python\Python314\Lib\site-packages\_pytest\unraisableexception.py", line 70, in unraisable_exception_runtest_hook
    |     yield
    |   File "C:\Users\maksi\AppData\Local\Programs\Python\Python314\Lib\site-packages\pluggy\_callers.py", line 139, in _multicall
    |     teardown.throw(exception)
    |     ~~~~~~~~~~~~~~^^^^^^^^^^^
    |   File "C:\Users\maksi\AppData\Local\Programs\Python\Python314\Lib\site-packages\_pytest\logging.py", line 846, in pytest_runtest_call
    |     yield from self._runtest_for(item, "call")
    |   File "C:\Users\maksi\AppData\Local\Programs\Python\Python314\Lib\site-packages\_pytest\logging.py", line 829, in _runtest_for
    |     yield
    |   File "C:\Users\maksi\AppData\Local\Programs\Python\Python314\Lib\site-packages\pluggy\_callers.py", line 139, in _multicall
    |     teardown.throw(exception)
    |     ~~~~~~~~~~~~~~^^^^^^^^^^^
    |   File "C:\Users\maksi\AppData\Local\Programs\Python\Python314\Lib\site-packages\_pytest\capture.py", line 880, in pytest_runtest_call
    |     return (yield)
    |             ^^^^^
    |   File "C:\Users\maksi\AppData\Local\Programs\Python\Python314\Lib\site-packages\pluggy\_callers.py", line 139, in _multicall
    |     teardown.throw(exception)
    |     ~~~~~~~~~~~~~~^^^^^^^^^^^
    |   File "C:\Users\maksi\AppData\Local\Programs\Python\Python314\Lib\site-packages\pluggy\_callers.py", line 53, in run_old_style_hookwrapper
    |     return result.get_result()
    |            ~~~~~~~~~~~~~~~~~^^
    |   File "C:\Users\maksi\AppData\Local\Programs\Python\Python314\Lib\site-packages\pluggy\_result.py", line 103, in get_result
    |     raise exc.with_traceback(tb)
    |   File "C:\Users\maksi\AppData\Local\Programs\Python\Python314\Lib\site-packages\pluggy\_callers.py", line 38, in run_old_style_hookwrapper
    |     res = yield
    |           ^^^^^
    |   File "C:\Users\maksi\AppData\Local\Programs\Python\Python314\Lib\site-packages\pluggy\_callers.py", line 139, in _multicall
    |     teardown.throw(exception)
    |     ~~~~~~~~~~~~~~^^^^^^^^^^^
    |   File "C:\Users\maksi\AppData\Local\Programs\Python\Python314\Lib\site-packages\pluggy\_callers.py", line 53, in run_old_style_hookwrapper
    |     return result.get_result()
    |            ~~~~~~~~~~~~~~~~~^^
    |   File "C:\Users\maksi\AppData\Local\Programs\Python\Python314\Lib\site-packages\pluggy\_result.py", line 103, in get_result
    |     raise exc.with_traceback(tb)
    |   File "C:\Users\maksi\AppData\Local\Programs\Python\Python314\Lib\site-packages\pluggy\_callers.py", line 38, in run_old_style_hookwrapper
    |     res = yield
    |           ^^^^^
    |   File "C:\Users\maksi\AppData\Local\Programs\Python\Python314\Lib\site-packages\pluggy\_callers.py", line 139, in _multicall
    |     teardown.throw(exception)
    |     ~~~~~~~~~~~~~~^^^^^^^^^^^
    |   File "C:\Users\maksi\AppData\Local\Programs\Python\Python314\Lib\site-packages\_pytest\skipping.py", line 257, in pytest_runtest_call
    |     return (yield)
    |             ^^^^^
    |   File "C:\Users\maksi\AppData\Local\Programs\Python\Python314\Lib\site-packages\pluggy\_callers.py", line 121, in _multicall
    |     res = hook_impl.function(*args)
    |   File "C:\Users\maksi\AppData\Local\Programs\Python\Python314\Lib\site-packages\_pytest\runner.py", line 174, in pytest_runtest_call
    |     item.runtest()
    |     ~~~~~~~~~~~~^^
    |   File "C:\Users\maksi\AppData\Local\Programs\Python\Python314\Lib\site-packages\_pytest\python.py", line 1627, in runtest
    |     self.ihook.pytest_pyfunc_call(pyfuncitem=self)
    |     ~~~~~~~~~~~~~~~~~~~~~~~~~~~~~^^^^^^^^^^^^^^^^^
    |   File "C:\Users\maksi\AppData\Local\Programs\Python\Python314\Lib\site-packages\pluggy\_hooks.py", line 512, in __call__
    |     return self._hookexec(self.name, self._hookimpls.copy(), kwargs, firstresult)
    |            ~~~~~~~~~~~~~~^^^^^^^^^^^^^^^^^^^^^^^^^^^^^^^^^^^^^^^^^^^^^^^^^^^^^^^^
    |   File "C:\Users\maksi\AppData\Local\Programs\Python\Python314\Lib\site-packages\pluggy\_manager.py", line 120, in _hookexec
    |     return self._inner_hookexec(hook_name, methods, kwargs, firstresult)
    |            ~~~~~~~~~~~~~~~~~~~~^^^^^^^^^^^^^^^^^^^^^^^^^^^^^^^^^^^^^^^^^
    |   File "C:\Users\maksi\AppData\Local\Programs\Python\Python314\Lib\site-packages\pluggy\_callers.py", line 167, in _multicall
    |     raise exception
    |   File "C:\Users\maksi\AppData\Local\Programs\Python\Python314\Lib\site-packages\pluggy\_callers.py", line 139, in _multicall
    |     teardown.throw(exception)
    |     ~~~~~~~~~~~~~~^^^^^^^^^^^
    |   File "C:\Users\maksi\AppData\Local\Programs\Python\Python314\Lib\site-packages\pluggy\_callers.py", line 53, in run_old_style_hookwrapper
    |     return result.get_result()
    |            ~~~~~~~~~~~~~~~~~^^
    |   File "C:\Users\maksi\AppData\Local\Programs\Python\Python314\Lib\site-packages\pluggy\_result.py", line 103, in get_result
    |     raise exc.with_traceback(tb)
    |   File "C:\Users\maksi\AppData\Local\Programs\Python\Python314\Lib\site-packages\pluggy\_callers.py", line 38, in run_old_style_hookwrapper
    |     res = yield
    |           ^^^^^
    |   File "C:\Users\maksi\AppData\Local\Programs\Python\Python314\Lib\site-packages\pluggy\_callers.py", line 121, in _multicall
    |     res = hook_impl.function(*args)
    |   File "C:\Users\maksi\AppData\Local\Programs\Python\Python314\Lib\site-packages\_pytest\python.py", line 159, in pytest_pyfunc_call
    |     result = testfunction(**testargs)
    |   File "M:\GitHub\TestLearn\tests\test_middleware.py", line 75, in test_csrf_middleware_missing_token
    |     response = client.post("/test", json={})
    |   File "C:\Users\maksi\AppData\Local\Programs\Python\Python314\Lib\site-packages\starlette\testclient.py", line 552, in post
    |     return super().post(
    |            ~~~~~~~~~~~~^
    |         url,
    |         ^^^^
    |     ...<10 lines>...
    |         extensions=extensions,
    |         ^^^^^^^^^^^^^^^^^^^^^^
    |     )
    |     ^
    |   File "C:\Users\maksi\AppData\Local\Programs\Python\Python314\Lib\site-packages\httpx\_client.py", line 1145, in post
    |     return self.request(
    |            ~~~~~~~~~~~~^
    |         "POST",
    |         ^^^^^^^
    |     ...<11 lines>...
    |         extensions=extensions,
    |         ^^^^^^^^^^^^^^^^^^^^^^
    |     )
    |     ^
    |   File "C:\Users\maksi\AppData\Local\Programs\Python\Python314\Lib\site-packages\starlette\testclient.py", line 451, in request
    |     return super().request(
    |            ~~~~~~~~~~~~~~~^
    |         method,
    |         ^^^^^^^
    |     ...<11 lines>...
    |         extensions=extensions,
    |         ^^^^^^^^^^^^^^^^^^^^^^
    |     )
    |     ^
    |   File "C:\Users\maksi\AppData\Local\Programs\Python\Python314\Lib\site-packages\httpx\_client.py", line 827, in request
    |     return self.send(request, auth=auth, follow_redirects=follow_redirects)
    |            ~~~~~~~~~^^^^^^^^^^^^^^^^^^^^^^^^^^^^^^^^^^^^^^^^^^^^^^^^^^^^^^^
    |   File "C:\Users\maksi\AppData\Local\Programs\Python\Python314\Lib\site-packages\httpx\_client.py", line 914, in send
    |     response = self._send_handling_auth(
    |         request,
    |     ...<2 lines>...
    |         history=[],
    |     )
    |   File "C:\Users\maksi\AppData\Local\Programs\Python\Python314\Lib\site-packages\httpx\_client.py", line 942, in _send_handling_auth
    |     response = self._send_handling_redirects(
    |         request,
    |         follow_redirects=follow_redirects,
    |         history=history,
    |     )
    |   File "C:\Users\maksi\AppData\Local\Programs\Python\Python314\Lib\site-packages\httpx\_client.py", line 979, in _send_handling_redirects
    |     response = self._send_single_request(request)
    |   File "C:\Users\maksi\AppData\Local\Programs\Python\Python314\Lib\site-packages\httpx\_client.py", line 1015, in _send_single_request
    |     response = transport.handle_request(request)
    |   File "C:\Users\maksi\AppData\Local\Programs\Python\Python314\Lib\site-packages\starlette\testclient.py", line 354, in handle_request
    |     raise exc
    |   File "C:\Users\maksi\AppData\Local\Programs\Python\Python314\Lib\site-packages\starlette\testclient.py", line 351, in handle_request
    |     portal.call(self.app, scope, receive, send)
    |     ~~~~~~~~~~~^^^^^^^^^^^^^^^^^^^^^^^^^^^^^^^^
    |   File "C:\Users\maksi\AppData\Local\Programs\Python\Python314\Lib\site-packages\anyio\from_thread.py", line 334, in call
    |     return cast(T_Retval, self.start_task_soon(func, *args).result())
    |                           ~~~~~~~~~~~~~~~~~~~~~~~~~~~~~~~~~~~~~~~~^^
    |   File "C:\Users\maksi\AppData\Local\Programs\Python\Python314\Lib\concurrent\futures\_base.py", line 443, in result
    |     return self.__get_result()
    |            ~~~~~~~~~~~~~~~~~^^
    |   File "C:\Users\maksi\AppData\Local\Programs\Python\Python314\Lib\concurrent\futures\_base.py", line 395, in __get_result
    |     raise self._exception
    |   File "C:\Users\maksi\AppData\Local\Programs\Python\Python314\Lib\site-packages\anyio\from_thread.py", line 259, in _call_func
    |     retval = await retval_or_awaitable
    |              ^^^^^^^^^^^^^^^^^^^^^^^^^
    |   File "C:\Users\maksi\AppData\Local\Programs\Python\Python314\Lib\site-packages\fastapi\applications.py", line 1133, in __call__
    |     await super().__call__(scope, receive, send)
    |   File "C:\Users\maksi\AppData\Local\Programs\Python\Python314\Lib\site-packages\starlette\applications.py", line 113, in __call__
    |     await self.middleware_stack(scope, receive, send)
    |   File "C:\Users\maksi\AppData\Local\Programs\Python\Python314\Lib\site-packages\starlette\middleware\errors.py", line 186, in __call__
    |     raise exc
    |   File "C:\Users\maksi\AppData\Local\Programs\Python\Python314\Lib\site-packages\starlette\middleware\errors.py", line 164, in __call__
    |     await self.app(scope, receive, _send)
    |   File "C:\Users\maksi\AppData\Local\Programs\Python\Python314\Lib\site-packages\starlette\middleware\base.py", line 182, in __call__
    |     with recv_stream, send_stream, collapse_excgroups():
    |                                    ~~~~~~~~~~~~~~~~~~^^
    |   File "C:\Users\maksi\AppData\Local\Programs\Python\Python314\Lib\contextlib.py", line 162, in __exit__
    |     self.gen.throw(value)
    |     ~~~~~~~~~~~~~~^^^^^^^
    |   File "C:\Users\maksi\AppData\Local\Programs\Python\Python314\Lib\site-packages\starlette\_utils.py", line 85, in collapse_excgroups
    |     raise exc
    |   File "C:\Users\maksi\AppData\Local\Programs\Python\Python314\Lib\site-packages\starlette\middleware\base.py", line 184, in __call__
    |     response = await self.dispatch_func(request, call_next)
    |                ^^^^^^^^^^^^^^^^^^^^^^^^^^^^^^^^^^^^^^^^^^^^
    |   File "M:\GitHub\TestLearn\app\middleware\csrf.py", line 62, in dispatch
    |     raise HTTPException(
    |     ...<2 lines>...
    |     )
    | fastapi.exceptions.HTTPException: 403: CSRF token missing from cookie
    +------------------------------------

During handling of the above exception, another exception occurred:
tests\test_middleware.py:75: in test_csrf_middleware_missing_token
    response = client.post("/test", json={})
C:\Users\maksi\AppData\Local\Programs\Python\Python314\Lib\site-packages\starlette\testclient.py:552: in post
    return super().post(
C:\Users\maksi\AppData\Local\Programs\Python\Python314\Lib\site-packages\httpx\_client.py:1145: in post
    return self.request(
C:\Users\maksi\AppData\Local\Programs\Python\Python314\Lib\site-packages\starlette\testclient.py:451: in request
    return super().request(
C:\Users\maksi\AppData\Local\Programs\Python\Python314\Lib\site-packages\httpx\_client.py:827: in request
    return self.send(request, auth=auth, follow_redirects=follow_redirects)
C:\Users\maksi\AppData\Local\Programs\Python\Python314\Lib\site-packages\httpx\_client.py:914: in send
    response = self._send_handling_auth(
C:\Users\maksi\AppData\Local\Programs\Python\Python314\Lib\site-packages\httpx\_client.py:942: in _send_handling_auth
    response = self._send_handling_redirects(
C:\Users\maksi\AppData\Local\Programs\Python\Python314\Lib\site-packages\httpx\_client.py:979: in _send_handling_redirects
    response = self._send_single_request(request)
C:\Users\maksi\AppData\Local\Programs\Python\Python314\Lib\site-packages\httpx\_client.py:1015: in _send_single_request
    response = transport.handle_request(request)
C:\Users\maksi\AppData\Local\Programs\Python\Python314\Lib\site-packages\starlette\testclient.py:354: in handle_request
    raise exc
C:\Users\maksi\AppData\Local\Programs\Python\Python314\Lib\site-packages\starlette\testclient.py:351: in handle_request
    portal.call(self.app, scope, receive, send)
C:\Users\maksi\AppData\Local\Programs\Python\Python314\Lib\site-packages\anyio\from_thread.py:334: in call
    return cast(T_Retval, self.start_task_soon(func, *args).result())
C:\Users\maksi\AppData\Local\Programs\Python\Python314\Lib\concurrent\futures\_base.py:443: in result
    return self.__get_result()
C:\Users\maksi\AppData\Local\Programs\Python\Python314\Lib\concurrent\futures\_base.py:395: in __get_result
    raise self._exception
C:\Users\maksi\AppData\Local\Programs\Python\Python314\Lib\site-packages\anyio\from_thread.py:259: in _call_func
    retval = await retval_or_awaitable
C:\Users\maksi\AppData\Local\Programs\Python\Python314\Lib\site-packages\fastapi\applications.py:1133: in __call__
    await super().__call__(scope, receive, send)
C:\Users\maksi\AppData\Local\Programs\Python\Python314\Lib\site-packages\starlette\applications.py:113: in __call__
    await self.middleware_stack(scope, receive, send)
C:\Users\maksi\AppData\Local\Programs\Python\Python314\Lib\site-packages\starlette\middleware\errors.py:186: in __call__
    raise exc
C:\Users\maksi\AppData\Local\Programs\Python\Python314\Lib\site-packages\starlette\middleware\errors.py:164: in __call__
    await self.app(scope, receive, _send)
C:\Users\maksi\AppData\Local\Programs\Python\Python314\Lib\site-packages\starlette\middleware\base.py:182: in __call__
    with recv_stream, send_stream, collapse_excgroups():
C:\Users\maksi\AppData\Local\Programs\Python\Python314\Lib\contextlib.py:162: in __exit__
    self.gen.throw(value)
C:\Users\maksi\AppData\Local\Programs\Python\Python314\Lib\site-packages\starlette\_utils.py:85: in collapse_excgroups
    raise exc
C:\Users\maksi\AppData\Local\Programs\Python\Python314\Lib\site-packages\starlette\middleware\base.py:184: in __call__
    response = await self.dispatch_func(request, call_next)
app\middleware\csrf.py:62: in dispatch
    raise HTTPException(
E   fastapi.exceptions.HTTPException: 403: CSRF token missing from cookie
=========================== short test summary info ===========================
FAILED tests/test_middleware.py::test_csrf_middleware_missing_token - fastapi.exceptions.HTTPException: 403: CSRF token missing from cookie
============================== 1 failed in 1.77s ==============================
